Microchip MPLAB XC8 Compiler V2.40

Linker command line:

-W-3 \
  --edf=C:\Program Files\Microchip\xc8\v2.40\pic\dat\20220703182018_en.msgs \
  -cn -h+dist/default/debug\Aceleration.X.debug.sym \
  --cmf=dist/default/debug\Aceleration.X.debug.cmf -z -Q18F4550 \
  -oC:\Users\felip\AppData\Local\Temp\xcAsddg.4 --defsym=__MPLAB_BUILD=1 \
  --fixupoverflow=error -Mdist/default/debug/Aceleration.X.debug.map \
  --md=C:\Users\felip\AppData\Local\Temp\xcAsddg.dat -E1 -ver=XC8 Compiler \
  --acfsm=1493 -ACODE=00h-07FFFh -ACONST=00h-07FFFh \
  -ASMALLCONST=0800h-08FFhx120 -AMEDIUMCONST=0800h-07FFFh -ACOMRAM=01h-05Fh \
  -AABS1=00h-07FFh -ABIGRAM=01h-07FFh -ARAM=060h-0FFh,0100h-01FFhx7 \
  -ABANK0=060h-0FFh -ABANK1=0100h-01FFh -ABANK2=0200h-02FFh \
  -ABANK3=0300h-03FFh -ABANK4=0400h-04FFh -ABANK5=0500h-05FFh \
  -ABANK6=0600h-06FFh -ABANK7=0700h-07FFh -ASFR=0F60h-0FFFh \
  -ABIGSFR=0F60h-0FFFh -ACONFIG=0300000h-030000Dh -AIDLOC=0200000h-0200007h \
  -AEEDATA=0F00000h-0F000FFh -peeprom_data=EEDATA \
  -preset_vec=00h,intcode=08h,intcodelo,powerup,init -pramtop=0800h \
  -psmallconst=SMALLCONST -pmediumconst=MEDIUMCONST -pconst=CONST \
  -AFARRAM=00h-00h \
  -prdata=COMRAM,nvrram=COMRAM,nvbit=COMRAM,rbss=COMRAM,rbit=COMRAM \
  -pfarbss=FARRAM,fardata=FARRAM,nvFARRAM=FARRAM \
  -pintsave_regs=BIGRAM,bigbss=BIGRAM,bigdata=BIGRAM -pbss=RAM \
  -pidata=CODE,irdata=CODE,ibigdata=CODE,ifardata=CODE -prparam=COMRAM \
  C:\Users\felip\AppData\Local\Temp\xcAsddg.o \
  dist/default/debug\Aceleration.X.debug.o 

Object code version is 3.11

Machine type is 18F4550



                Name                               Link     Load   Length Selector   Space Scale
C:\Users\felip\AppData\Local\Temp\xcAsddg.o
                idloc                            200000   200000        8        0       5
                config                           300000   300000        E        0       4
                init                                  E        E        4        4       0
                reset_vec                             0        0        4        0       0
dist/default/debug\Aceleration.X.debug.o
                intcode                               8        8        6        4       0
                idloc                            200000   200000        8        0       5
                config                           300000   300000        E        0       4
                temp                                 5C       5C        1        1       1
                intcode_body                        C96      C96      2EE        4       0
                text7                               8FC      8FC      39A        4       0
                text6                               4D2      4D2      42A        4       0
                text5                                12       12      4C0        4       0
                text4                              16BA     16BA       46        4       0
                text3                              15B4     15B4      106        4       0
                text2                              1400     1400      1B4        4       0
                text1                               F84      F84      264        4       0
                text0                              11E8     11E8      218        4       0
                cstackCOMRAM                          1        1       55        1       1
                cstackBANK0                          F0       F0        2       60       1
                bssBANK0                             60       60       72       60       1
                bssCOMRAM                            56       56        4        1       1
                cinit                              1700     1700       1E        4       0
                nvBANK0                              D2       D2       1E       60       1
                nvCOMRAM                             5A       5A        2        1       1

TOTAL           Name                               Link     Load   Length     Space
        CLASS   CODE           
                intcode                               8        8        6         0
                init                                  E        E        4         0
                reset_vec                             0        0        4         0
                intcode_body                        C96      C96      2EE         0
                text7                               8FC      8FC      39A         0
                text6                               4D2      4D2      42A         0
                text5                                12       12      4C0         0
                text4                              16BA     16BA       46         0
                text3                              15B4     15B4      106         0
                text2                              1400     1400      1B4         0
                text1                               F84      F84      264         0
                text0                              11E8     11E8      218         0
                cinit                              1700     1700       1E         0

        CLASS   CONST          

        CLASS   SMALLCONST     

        CLASS   MEDIUMCONST    

        CLASS   COMRAM         
                temp                                 5C       5C        1         1
                cstackCOMRAM                          1        1       55         1
                bssCOMRAM                            56       56        4         1
                nvCOMRAM                             5A       5A        2         1

        CLASS   ABS1           

        CLASS   BIGRAM         

        CLASS   RAM            

        CLASS   BANK0          
                cstackBANK0                          F0       F0        2         1
                bssBANK0                             60       60       72         1
                nvBANK0                              D2       D2       1E         1

        CLASS   BANK1          

        CLASS   BANK2          

        CLASS   BANK3          

        CLASS   BANK4          

        CLASS   BANK5          

        CLASS   BANK6          

        CLASS   BANK7          

        CLASS   SFR            

        CLASS   BIGSFR         

        CLASS   CONFIG         
                config                           300000   300000        E         4

        CLASS   IDLOC          
                idloc                            200000   200000        8         5

        CLASS   EEDATA         

        CLASS   FARRAM         

        CLASS   HEAP           

        CLASS   STACK          



SEGMENTS        Name                           Load    Length   Top    Selector   Space  Class

                reset_vec                      000000  000004  000004         0       0  CODE    
                cstackCOMRAM                   000001  00005C  00005D         1       1  COMRAM  
                intcode                        000008  001716  00171E         4       0  CODE    
                bssBANK0                       000060  000092  0000F2        60       1  BANK0   


UNUSED ADDRESS RANGES

        Name                Unused          Largest block    Delta
        BANK0            0000F2-0000FF                E
        BANK1            000100-0001FF              100
        BANK2            000200-0002FF              100
        BANK3            000300-0003FF              100
        BANK4            000400-0004FF              100
        BANK5            000500-0005FF              100
        BANK6            000600-0006FF              100
        BANK7            000700-0007FF              100
        BIGRAM           00005D-00005F                3
                         0000F2-0007FF              70E
        BIGSFR           000F60-000FFF               A0
        CODE             000004-000007                4
                         00171E-007FFF             68E2
        COMRAM           00005D-00005F                3
        CONST            000004-000007                4
                         00171E-007FFF             68E2
        EEDATA           F00000-F000FF              100
        MEDIUMCONST      00171E-007FFF             68E2
        RAM              0000F2-0007FF              100
        SFR              000F60-000FFF               A0
        SMALLCONST       00171E-007FFF              100

                                  Symbol Table

?___fladd                cstackCOMRAM 000004
?___fldiv                cstackCOMRAM 00002B
?___flmul                cstackCOMRAM 000012
?___flsub                cstackCOMRAM 000044
?___fltol                cstackCOMRAM 00004C
?___xxtofl               cstackCOMRAM 000004
_GIE                     (abs)        007F97
_ISR                     intcode      000008
_LATD                    (abs)        000F8C
_LATD0                   (abs)        007C60
_LATD1                   (abs)        007C61
_LATD2                   (abs)        007C62
_LATD3                   (abs)        007C63
_OSCCON                  (abs)        000FD3
_PEIE                    (abs)        007F96
_T0CON                   (abs)        000FD5
_T1CON                   (abs)        000FCD
_T3CON                   (abs)        000FB1
_TIntx                   bssBANK0     0000B8
_TInty                   bssBANK0     0000B4
_TMR0                    (abs)        000FD6
_TMR0IE                  (abs)        007F95
_TMR0IF                  (abs)        007F92
_TMR0ON                  (abs)        007EAF
_TMR1                    (abs)        000FCE
_TMR1IE                  (abs)        007CE8
_TMR1IF                  (abs)        007CF0
_TMR1ON                  (abs)        007E68
_TMR3                    (abs)        000FB2
_TMR3IE                  (abs)        007D01
_TMR3IF                  (abs)        007D09
_TMR3ON                  (abs)        007D88
_TRISD                   (abs)        000F95
_Ta                      nvBANK0      0000DE
_TvC                     bssBANK0     0000B0
__HRAM                   (abs)        000000
__Habs1                  abs1         000000
__Hbank0                 bank0        000000
__Hbank1                 bank1        000000
__Hbank2                 bank2        000000
__Hbank3                 bank3        000000
__Hbank4                 bank4        000000
__Hbank5                 bank5        000000
__Hbank6                 bank6        000000
__Hbank7                 bank7        000000
__Hbigbss                bigbss       000000
__Hbigdata               bigdata      000000
__Hbigram                bigram       000000
__Hbigsfr                bigsfr       000000
__Hbss                   bss          000000
__HbssBANK0              bssBANK0     000000
__HbssCOMRAM             bssCOMRAM    000000
__Hcinit                 cinit        000000
__Hclrtext               clrtext      000000
__Hcomram                comram       000000
__Hconfig                config       30000E
__Hconst                 const        000000
__HcstackBANK0           cstackBANK0  000000
__HcstackCOMRAM          cstackCOMRAM 000000
__Hdata                  data         000000
__Heeprom_data           eeprom_data  000000
__Hfarbss                farbss       000000
__Hfardata               fardata      000000
__Hheap                  heap         000000
__Hibigdata              ibigdata     000000
__Hidata                 idata        000000
__Hidloc                 idloc        200008
__Hifardata              ifardata     000000
__Hinit                  init         000012
__Hintcode               intcode      00000E
__Hintcode_body          intcode_body 000000
__Hintcodelo             intcodelo    00000E
__Hintentry              intentry     000000
__Hintret                intret       000000
__Hintsave_regs          intsave_regs 000000
__Hirdata                irdata       000000
__Hmediumconst           mediumconst  000000
__HnvBANK0               nvBANK0      000000
__HnvCOMRAM              nvCOMRAM     000000
__HnvFARRAM              nvFARRAM     000000
__Hnvbit                 nvbit        000000
__Hnvrram                nvrram       000000
__Hparam                 rparam       000000
__Hpowerup               powerup      00000E
__Hram                   ram          000000
__Hramtop                ramtop       000800
__Hrbit                  rbit         000000
__Hrbss                  rbss         000000
__Hrdata                 rdata        000000
__Hreset_vec             reset_vec    000004
__Hrparam                rparam       000000
__Hsfr                   sfr          000000
__Hsmallconst            smallconst   000000
__Hspace_0               (abs)        00171E
__Hspace_1               (abs)        0000F2
__Hspace_2               (abs)        000000
__Hspace_4               (abs)        60000E
__Hstack                 stack        000000
__Hstruct                struct       000000
__Htemp                  temp         00005D
__Htext                  text         000000
__Htext0                 text0        000000
__Htext1                 text1        000000
__Htext2                 text2        000000
__Htext3                 text3        000000
__Htext4                 text4        000000
__Htext5                 text5        000000
__Htext6                 text6        000000
__Htext7                 text7        000000
__LRAM                   (abs)        000001
__Labs1                  abs1         000000
__Lbank0                 bank0        000000
__Lbank1                 bank1        000000
__Lbank2                 bank2        000000
__Lbank3                 bank3        000000
__Lbank4                 bank4        000000
__Lbank5                 bank5        000000
__Lbank6                 bank6        000000
__Lbank7                 bank7        000000
__Lbigbss                bigbss       000000
__Lbigdata               bigdata      000000
__Lbigram                bigram       000000
__Lbigsfr                bigsfr       000000
__Lbss                   bss          000000
__LbssBANK0              bssBANK0     000000
__LbssCOMRAM             bssCOMRAM    000000
__Lcinit                 cinit        000000
__Lclrtext               clrtext      000000
__Lcomram                comram       000000
__Lconfig                config       000000
__Lconst                 const        000000
__LcstackBANK0           cstackBANK0  000000
__LcstackCOMRAM          cstackCOMRAM 000000
__Ldata                  data         000000
__Leeprom_data           eeprom_data  000000
__Lfarbss                farbss       000000
__Lfardata               fardata      000000
__Lheap                  heap         000000
__Libigdata              ibigdata     000000
__Lidata                 idata        000000
__Lidloc                 idloc        000000
__Lifardata              ifardata     000000
__Linit                  init         00000E
__Lintcode               intcode      000008
__Lintcode_body          intcode_body 000000
__Lintcodelo             intcodelo    00000E
__Lintentry              intentry     000000
__Lintret                intret       000000
__Lintsave_regs          intsave_regs 000000
__Lirdata                irdata       000000
__Lmediumconst           mediumconst  000000
__LnvBANK0               nvBANK0      000000
__LnvCOMRAM              nvCOMRAM     000000
__LnvFARRAM              nvFARRAM     000000
__Lnvbit                 nvbit        000000
__Lnvrram                nvrram       000000
__Lparam                 rparam       000000
__Lpowerup               powerup      00000E
__Lram                   ram          000000
__Lramtop                ramtop       000800
__Lrbit                  rbit         000000
__Lrbss                  rbss         000000
__Lrdata                 rdata        000000
__Lreset_vec             reset_vec    000000
__Lrparam                rparam       000000
__Lsfr                   sfr          000000
__Lsmallconst            smallconst   000000
__Lspace_0               (abs)        000000
__Lspace_1               (abs)        000000
__Lspace_2               (abs)        000000
__Lspace_4               (abs)        000000
__Lstack                 stack        000000
__Lstruct                struct       000000
__Ltemp                  temp         00005C
__Ltext                  text         000000
__Ltext0                 text0        000000
__Ltext1                 text1        000000
__Ltext2                 text2        000000
__Ltext3                 text3        000000
__Ltext4                 text4        000000
__Ltext5                 text5        000000
__Ltext6                 text6        000000
__Ltext7                 text7        000000
__S0                     (abs)        00171E
__S1                     (abs)        0000F2
__S4                     (abs)        000000
__S5                     (abs)        000000
___fladd                 text5        000012
___fladd@a               cstackCOMRAM 000008
___fladd@aexp            cstackCOMRAM 000011
___fladd@b               cstackCOMRAM 000004
___fladd@bexp            cstackCOMRAM 000012
___fladd@grs             cstackCOMRAM 000013
___fladd@signs           cstackCOMRAM 000010
___fldiv                 text7        0008FC
___fldiv@a               cstackCOMRAM 00002F
___fldiv@aexp            cstackCOMRAM 000043
___fldiv@b               cstackCOMRAM 00002B
___fldiv@bexp            cstackCOMRAM 000042
___fldiv@grs             cstackCOMRAM 00003E
___fldiv@new_exp         cstackCOMRAM 00003C
___fldiv@rem             cstackCOMRAM 000037
___fldiv@sign            cstackCOMRAM 00003B
___flmul                 text6        0004D2
___flmul@a               cstackCOMRAM 000016
___flmul@aexp            cstackCOMRAM 00001F
___flmul@b               cstackCOMRAM 000012
___flmul@bexp            cstackCOMRAM 000024
___flmul@grs             cstackCOMRAM 000020
___flmul@prod            cstackCOMRAM 000025
___flmul@sign            cstackCOMRAM 00001E
___flmul@temp            cstackCOMRAM 000029
___flsub                 text4        0016BA
___flsub@a               cstackCOMRAM 000048
___flsub@b               cstackCOMRAM 000044
___fltol                 text3        0015B4
___fltol@exp1            cstackCOMRAM 000055
___fltol@f1              cstackCOMRAM 00004C
___fltol@sign1           cstackCOMRAM 000054
___heap_hi               (abs)        000000
___heap_lo               (abs)        000000
___inthi_sp              stack        000000
___intlo_sp              stack        000000
___param_bank            (abs)        000000
___rparam_used           (abs)        000001
___sp                    stack        000000
___xxtofl                text2        001400
___xxtofl@arg            cstackCOMRAM 00000E
___xxtofl@exp            cstackCOMRAM 00000D
___xxtofl@sign           cstackCOMRAM 00000C
___xxtofl@val            cstackCOMRAM 000004
__accesstop              (abs)        000060
__activetblptr           (abs)        000000
__end_of_ISR             intcode_body 000F84
__end_of___fladd         text5        0004D2
__end_of___fldiv         text7        000C96
__end_of___flmul         text6        0008FC
__end_of___flsub         text4        001700
__end_of___fltol         text3        0016BA
__end_of___xxtofl        text2        0015B4
__end_of__initialization cinit        001714
__end_of_main            text0        001400
__end_of_precargas       text1        0011E8
__initialization         cinit        001700
__mediumconst            mediumconst  000000
__pbssBANK0              bssBANK0     000060
__pbssCOMRAM             bssCOMRAM    000056
__pcinit                 cinit        001700
__pcstackBANK0           cstackBANK0  0000F0
__pcstackCOMRAM          cstackCOMRAM 000001
__pintcode               intcode      000008
__pintcode_body          intcode_body 000C96
__pnvBANK0               nvBANK0      0000D2
__pnvCOMRAM              nvCOMRAM     00005A
__ptext0                 text0        0011E8
__ptext1                 text1        000F84
__ptext2                 text2        001400
__ptext3                 text3        0015B4
__ptext4                 text4        0016BA
__ptext5                 text5        000012
__ptext6                 text6        0004D2
__ptext7                 text7        0008FC
__ramtop                 ramtop       000800
__smallconst             smallconst   000000
_ac                      nvBANK0      0000E2
_arrayX                  bssBANK0     000088
_arrayY                  bssBANK0     000060
_counter                 nvCOMRAM     00005A
_counterVC               bssBANK0     0000BC
_cru                     bssBANK0     0000C0
_deltaT                  nvBANK0      0000DA
_des                     bssBANK0     0000BE
_main                    text0        0011E8
_pasosX                  nvBANK0      0000E6
_pasosXDados             bssCOMRAM    000058
_pasosY                  nvBANK0      0000E4
_pasosYDados             bssCOMRAM    000056
_pasosZ                  bssBANK0     0000C8
_pasosZDados             bssBANK0     0000C6
_precargaX               bssBANK0     0000C4
_precargaY               bssBANK0     0000C2
_precargas               text1        000F84
_v5x                     nvBANK0      0000D6
_v5y                     nvBANK0      0000D2
_vCx                     nvBANK0      0000EC
_vCy                     nvBANK0      0000E8
_vInsx                   bssBANK0     0000CE
_vInsy                   bssBANK0     0000CA
btemp                    temp         00005C
end_of_initialization    cinit        001714
int$flags                temp         00005C
int_func                 intcode_body 000C96
intlevel0                text         000000
intlevel1                text         000000
intlevel2                text         000000
intlevel3                text         000000
isa$std                  (abs)        000001
isa$xinst                (abs)        000000
precargas@i              cstackBANK0  0000F0
stackhi                  (abs)        000000
stacklo                  (abs)        000000
start                    init         00000E
start_initialization     cinit        001700
ttemp5                   temp         00005D
ttemp6                   temp         000060
ttemp7                   temp         000064
wtemp8                   temp         00005D


MODULE INFORMATION

Module		Function		Class		Link	Load	Size
C:\Program Files\Microchip\xc8\v2.40\pic\sources\c99\common\sprcmul.c
		___flmul       		CODE           	04D2	0000	1066

C:\Program Files\Microchip\xc8\v2.40\pic\sources\c99\common\sprcmul.c estimated size: 1066

C:\Program Files\Microchip\xc8\v2.40\pic\sources\c99\common\sprcdiv.c
		___fldiv       		CODE           	08FC	0000	922

C:\Program Files\Microchip\xc8\v2.40\pic\sources\c99\common\sprcdiv.c estimated size: 922

C:\Program Files\Microchip\xc8\v2.40\pic\sources\c99\common\fltol.c
		___fltol       		CODE           	15B4	0000	262

C:\Program Files\Microchip\xc8\v2.40\pic\sources\c99\common\fltol.c estimated size: 262

aceleration.c
		_ISR           		CODE           	0008	0000	756
		_main          		CODE           	11E8	0000	536
		_precargas     		CODE           	0F84	0000	612

aceleration.c estimated size: 1904

C:\Program Files\Microchip\xc8\v2.40\pic\sources\c99\common\sprcadd.c
		___flsub       		CODE           	16BA	0000	70
		___fladd       		CODE           	0012	0000	1216

C:\Program Files\Microchip\xc8\v2.40\pic\sources\c99\common\sprcadd.c estimated size: 1286

C:\Program Files\Microchip\xc8\v2.40\pic\sources\c99\common\xxtofl.c
		___xxtofl      		CODE           	1400	0000	436

C:\Program Files\Microchip\xc8\v2.40\pic\sources\c99\common\xxtofl.c estimated size: 436

shared
		__initialization		CODE           	1700	0000	20

shared estimated size: 20

