Microchip MPLAB XC8 Compiler V2.36

Linker command line:

-W-3 --edf=C:\Program Files\Microchip\xc8\v2.36\pic\dat\en_msgs.txt -cn \
  -h+dist/default/production\proyectofinal.X.production.sym \
  --cmf=dist/default/production\proyectofinal.X.production.cmf -z -Q18F4550 \
  -oC:\Users\ivanm\AppData\Local\Temp\xcAseng.4 \
  -Mdist/default/production/proyectofinal.X.production.map \
  --md=C:\Users\ivanm\AppData\Local\Temp\xcAseng.dat -E1 -ver=XC8 Compiler \
  --acfsm=1493 -ACODE=00h-07FFFh -ACONST=00h-07FFFh \
  -ASMALLCONST=0800h-08FFhx120 -AMEDIUMCONST=0800h-07FFFh -ACOMRAM=01h-05Fh \
  -AABS1=00h-07FFh -ABIGRAM=01h-07FFh -ARAM=060h-0FFh,0100h-01FFhx7 \
  -ABANK0=060h-0FFh -ABANK1=0100h-01FFh -ABANK2=0200h-02FFh \
  -ABANK3=0300h-03FFh -ABANK4=0400h-04FFh -ABANK5=0500h-05FFh \
  -ABANK6=0600h-06FFh -ABANK7=0700h-07FFh -ASFR=0F60h-0FFFh \
  -ABIGSFR=0F60h-0FFFh -ACONFIG=0300000h-030000Dh -AIDLOC=0200000h-0200007h \
  -AEEDATA=0F00000h-0F000FFh -peeprom_data=EEDATA \
  -preset_vec=00h,intcode=08h,intcodelo,powerup,init -pramtop=0800h \
  -psmallconst=SMALLCONST -pmediumconst=MEDIUMCONST -pconst=CONST \
  -AFARRAM=00h-00h \
  -prdata=COMRAM,nvrram=COMRAM,nvbit=COMRAM,rbss=COMRAM,rbit=COMRAM \
  -pfarbss=FARRAM,fardata=FARRAM,nvFARRAM=FARRAM \
  -pintsave_regs=BIGRAM,bigbss=BIGRAM,bigdata=BIGRAM -pbss=RAM \
  -pidata=CODE,irdata=CODE,ibigdata=CODE,ifardata=CODE -prparam=COMRAM \
  C:\Users\ivanm\AppData\Local\Temp\xcAseng.o \
  dist/default/production\proyectofinal.X.production.o 

Object code version is 3.11

Machine type is 18F4550



                Name                               Link     Load   Length Selector   Space Scale
C:\Users\ivanm\AppData\Local\Temp\xcAseng.o
                idloc                            200000   200000        8        0       5
                config                           300000   300000        E        0       4
                init                                  E        E        4        4       0
                reset_vec                             0        0        4        0       0
dist/default/production\proyectofinal.X.production.o
                intcode                               8        8        6        4       0
                idloc                            200000   200000        8        0       5
                config                           300000   300000        E        0       4
                temp                                 4D       4D        1        1       1
                smallconst                          800      800       8A      400       0
                text33                             2602     2602        E     12FA       0
                text32                             2130     2130       90      445       0
                text31                             241A     241A       5C      445       0
                text30                             25CC     25CC       14      445       0
                text29                             258E     258E       16      445       0
                text28                             2578     2578       16      445       0
                text27                             24B6     24B6       3E      445       0
                text26                             2562     2562       16      445       0
                text25                             2358     2358       66      445       0
                text24                              B9C      B9C      306      445       0
                text23                             22F2     22F2       66      445       0
                text22                             1674     1674      250      445       0
                text21                             1D1C     1D1C      13E      445       0
                intcode_body                       1174     1174      2B0      445       0
                text19                             24F4     24F4       2C      445       0
                text18                             25F4     25F4        E     12FA       0
                text17                             20A0     20A0       90      445       0
                text16                             23BE     23BE       5C      445       0
                text15                             254C     254C       16      445       0
                text14                             1F2A     1F2A       C6      445       0
                text13                             1FF0     1FF0       B0      445       0
                text12                             1A64     1A64      17A      445       0
                text11                             25B8     25B8       14      445       0
                text10                             1E5A     1E5A       D0      445       0
                text9                              2536     2536       16      445       0
                text8                              2476     2476       40      445       0
                text7                              2520     2520       16      445       0
                text6                              228C     228C       66      445       0
                text5                               88A      88A      312      445       0
                text4                              2226     2226       66      445       0
                text3                              1424     1424      250      445       0
                text2                               EA2      EA2      2D2      445       0
                text1                              1BDE     1BDE      13E      445       0
                text0                              18C4     18C4      1A0      445       0
                cstackCOMRAM                         21       21       19        1       1
                cstackBANK0                          84       84       10       60       1
                dataBANK0                            60       60       14       60       1
                bssBANK0                             74       74       10       60       1
                dataCOMRAM                           3A       3A       13        1       1
                bssCOMRAM                             1        1       20        1       1
                cinit                              21C0     21C0       66      445       0
                idataBANK0                         25A4     25A4       14      445       0
                idataCOMRAM                        25E0     25E0       13      445       0

TOTAL           Name                               Link     Load   Length     Space
        CLASS   CODE           
                intcode                               8        8        6         0
                init                                  E        E        4         0
                reset_vec                             0        0        4         0
                text33                             2602     2602        E         0
                text32                             2130     2130       90         0
                text31                             241A     241A       5C         0
                text30                             25CC     25CC       14         0
                text29                             258E     258E       16         0
                text28                             2578     2578       16         0
                text27                             24B6     24B6       3E         0
                text26                             2562     2562       16         0
                text25                             2358     2358       66         0
                text24                              B9C      B9C      306         0
                text23                             22F2     22F2       66         0
                text22                             1674     1674      250         0
                text21                             1D1C     1D1C      13E         0
                intcode_body                       1174     1174      2B0         0
                text19                             24F4     24F4       2C         0
                text18                             25F4     25F4        E         0
                text17                             20A0     20A0       90         0
                text16                             23BE     23BE       5C         0
                text15                             254C     254C       16         0
                text14                             1F2A     1F2A       C6         0
                text13                             1FF0     1FF0       B0         0
                text12                             1A64     1A64      17A         0
                text11                             25B8     25B8       14         0
                text10                             1E5A     1E5A       D0         0
                text9                              2536     2536       16         0
                text8                              2476     2476       40         0
                text7                              2520     2520       16         0
                text6                              228C     228C       66         0
                text5                               88A      88A      312         0
                text4                              2226     2226       66         0
                text3                              1424     1424      250         0
                text2                               EA2      EA2      2D2         0
                text1                              1BDE     1BDE      13E         0
                text0                              18C4     18C4      1A0         0
                cinit                              21C0     21C0       66         0
                idataBANK0                         25A4     25A4       14         0
                idataCOMRAM                        25E0     25E0       13         0

        CLASS   CONST          

        CLASS   SMALLCONST     
                smallconst                          800      800       8A         0

        CLASS   MEDIUMCONST    

        CLASS   COMRAM         
                temp                                 4D       4D        1         1
                cstackCOMRAM                         21       21       19         1
                dataCOMRAM                           3A       3A       13         1
                bssCOMRAM                             1        1       20         1

        CLASS   ABS1           

        CLASS   BIGRAM         

        CLASS   RAM            

        CLASS   BANK0          
                cstackBANK0                          84       84       10         1
                dataBANK0                            60       60       14         1
                bssBANK0                             74       74       10         1

        CLASS   BANK1          

        CLASS   BANK2          

        CLASS   BANK3          

        CLASS   BANK4          

        CLASS   BANK5          

        CLASS   BANK6          

        CLASS   BANK7          

        CLASS   SFR            

        CLASS   BIGSFR         

        CLASS   CONFIG         
                config                           300000   300000        E         4

        CLASS   IDLOC          
                idloc                            200000   200000        8         5

        CLASS   EEDATA         

        CLASS   FARRAM         

        CLASS   HEAP           

        CLASS   STACK          



SEGMENTS        Name                           Load    Length   Top    Selector   Space  Class

                reset_vec                      000000  000004  000004         0       0  CODE    
                bssCOMRAM                      000001  00004D  00004E         1       1  COMRAM  
                intcode                        000008  00000A  000012         4       0  CODE    
                dataBANK0                      000060  000034  000094        60       1  BANK0   
                smallconst                     000800  00008A  00088A       400       0  SMALLCON
                text5                          00088A  001D69  0025F3       445       0  CODE    
                text18                         0025F4  00001C  002610      12FA       0  CODE    


UNUSED ADDRESS RANGES

        Name                Unused          Largest block    Delta
        BANK0            000094-0000FF               6C
        BANK1            000100-0001FF              100
        BANK2            000200-0002FF              100
        BANK3            000300-0003FF              100
        BANK4            000400-0004FF              100
        BANK5            000500-0005FF              100
        BANK6            000600-0006FF              100
        BANK7            000700-0007FF              100
        BIGRAM           00004E-00005F               12
                         000094-0007FF              76C
        BIGSFR           000F60-000FFF               A0
        CODE             000004-000007                4
                         000012-0007FF              7EE
                         0025F3-0025F3                1
                         002610-007FFF             59F0
        COMRAM           00004E-00005F               12
        CONST            000004-000007                4
                         000012-0007FF              7EE
                         0025F3-0025F3                1
                         002610-007FFF             59F0
        EEDATA           F00000-F000FF              100
        MEDIUMCONST      0025F3-0025F3                1
                         002610-007FFF             59F0
        RAM              000094-0007FF              100
        SFR              000F60-000FFF               A0
        SMALLCONST       0025F3-0025F3                1
                         002610-007FFF              100

                                  Symbol Table

?___awdiv                 cstackBANK0  000084
?___awmod                 cstackCOMRAM 000033
ConfiguraLCD@a            cstackCOMRAM 000033
DireccionaLCD@a           cstackCOMRAM 000038
EnviaDato@a               cstackCOMRAM 000037
EscribeLCD_c@a            cstackCOMRAM 000038
EscribeLCD_n8@a           cstackBANK0  000091
EscribeLCD_n8@b           cstackCOMRAM 000039
EscribeLCD_n8@centena     cstackBANK0  00008E
EscribeLCD_n8@decena      cstackBANK0  00008F
EscribeLCD_n8@unidad      cstackBANK0  000090
MensajeLCD_Var@a          cstackBANK0  000084
MensajeLCD_Var@p          cstackBANK0  000086
RetardoLCD@a              cstackCOMRAM 000035
Transmitir@dato           cstackCOMRAM 000033
_ADCON1                   (abs)        000FC1
_BAUDCON                  (abs)        000FB8
_BorraLCD                 text11       0025B8
_Che                      bssCOMRAM    00001E
_ConfiguraLCD             text19       0024F4
_Dec                      bssCOMRAM    00001C
_DireccionaLCD            text15       00254C
_EnviaDato                text16       0023BE
_EscribeLCD_c             text9        002536
_EscribeLCD_n8            text12       001A64
_GIE                      (abs)        007F97
_HabilitaLCD              text18       0025F4
_Hum                      bssCOMRAM    00001F
_ISR                      intcode      000008
_InicializaLCD            text10       001E5A
_LATB                     (abs)        000F8A
_LATB3                    (abs)        007C53
_LATB4                    (abs)        007C54
_LATB5                    (abs)        007C55
_LATD                     (abs)        000F8C
_LATD0                    (abs)        007C60
_LATD1                    (abs)        007C61
_LATE                     (abs)        000F8D
_LATE0                    (abs)        007C68
_LATE1                    (abs)        007C69
_LATE2                    (abs)        007C6A
_MensajeLCD_Var           text8        002476
_OSCCON                   (abs)        000FD3
_PosZ                     bssBANK0     00007C
_RB0                      (abs)        007C08
_RB1                      (abs)        007C09
_RB2                      (abs)        007C0A
_RBPU                     (abs)        007F8F
_RCIE                     (abs)        007CED
_RCIF                     (abs)        007CF5
_RCIP                     (abs)        007CFD
_RCREG                    (abs)        000FAE
_RCSTA                    (abs)        000FAB
_RetardoLCD               text17       0020A0
_SPBRG                    (abs)        000FAF
_T0CON                    (abs)        000FD5
_TMR0                     (abs)        000FD6
_TMR0IE                   (abs)        007F95
_TMR0IF                   (abs)        007F92
_TRISB                    (abs)        000F93
_TRISD                    (abs)        000F95
_TRISE                    (abs)        000F96
_TRMT                     (abs)        007D61
_TXREG                    (abs)        000FAD
_TXSTA                    (abs)        000FAC
_Temp                     bssCOMRAM    000020
_Transmitir               text7        002520
_Uni                      bssCOMRAM    00001B
__HRAM                    (abs)        000000
__Habs1                   abs1         000000
__Hbank0                  bank0        000000
__Hbank1                  bank1        000000
__Hbank2                  bank2        000000
__Hbank3                  bank3        000000
__Hbank4                  bank4        000000
__Hbank5                  bank5        000000
__Hbank6                  bank6        000000
__Hbank7                  bank7        000000
__Hbigbss                 bigbss       000000
__Hbigdata                bigdata      000000
__Hbigram                 bigram       000000
__Hbigsfr                 bigsfr       000000
__Hbss                    bss          000000
__HbssBANK0               bssBANK0     000000
__HbssCOMRAM              bssCOMRAM    000000
__Hcinit                  cinit        000000
__Hclrtext                clrtext      000000
__Hcomram                 comram       000000
__Hconfig                 config       30000E
__Hconst                  const        000000
__HcstackBANK0            cstackBANK0  000000
__HcstackCOMRAM           cstackCOMRAM 000000
__Hdata                   data         000000
__HdataBANK0              dataBANK0    000000
__HdataCOMRAM             dataCOMRAM   000000
__Heeprom_data            eeprom_data  000000
__Hfarbss                 farbss       000000
__Hfardata                fardata      000000
__Hheap                   heap         000000
__Hibigdata               ibigdata     000000
__Hidata                  idata        000000
__HidataBANK0             idataBANK0   000000
__HidataCOMRAM            idataCOMRAM  000000
__Hidloc                  idloc        200008
__Hifardata               ifardata     000000
__Hinit                   init         000012
__Hintcode                intcode      00000E
__Hintcode_body           intcode_body 000000
__Hintcodelo              intcodelo    00000E
__Hintentry               intentry     000000
__Hintret                 intret       000000
__Hintsave_regs           intsave_regs 000000
__Hirdata                 irdata       000000
__Hmediumconst            mediumconst  000000
__HnvFARRAM               nvFARRAM     000000
__Hnvbit                  nvbit        000000
__Hnvrram                 nvrram       000000
__Hparam                  rparam       000000
__Hpowerup                powerup      00000E
__Hram                    ram          000000
__Hramtop                 ramtop       000800
__Hrbit                   rbit         000000
__Hrbss                   rbss         000000
__Hrdata                  rdata        000000
__Hreset_vec              reset_vec    000004
__Hrparam                 rparam       000000
__Hsfr                    sfr          000000
__Hsmallconst             smallconst   00088A
__Hspace_0                (abs)        002610
__Hspace_1                (abs)        000094
__Hspace_2                (abs)        000000
__Hspace_4                (abs)        60000E
__Hstack                  stack        000000
__Hstruct                 struct       000000
__Htemp                   temp         00004E
__Htext                   text         000000
__Htext0                  text0        000000
__Htext1                  text1        000000
__Htext10                 text10       000000
__Htext11                 text11       000000
__Htext12                 text12       000000
__Htext13                 text13       000000
__Htext14                 text14       000000
__Htext15                 text15       000000
__Htext16                 text16       000000
__Htext17                 text17       000000
__Htext18                 text18       000000
__Htext19                 text19       000000
__Htext2                  text2        000000
__Htext21                 text21       000000
__Htext22                 text22       000000
__Htext23                 text23       000000
__Htext24                 text24       000000
__Htext25                 text25       000000
__Htext26                 text26       000000
__Htext27                 text27       000000
__Htext28                 text28       000000
__Htext29                 text29       000000
__Htext3                  text3        000000
__Htext30                 text30       000000
__Htext31                 text31       000000
__Htext32                 text32       000000
__Htext33                 text33       000000
__Htext4                  text4        000000
__Htext5                  text5        000000
__Htext6                  text6        000000
__Htext7                  text7        000000
__Htext8                  text8        000000
__Htext9                  text9        000000
__LRAM                    (abs)        000001
__Labs1                   abs1         000000
__Lbank0                  bank0        000000
__Lbank1                  bank1        000000
__Lbank2                  bank2        000000
__Lbank3                  bank3        000000
__Lbank4                  bank4        000000
__Lbank5                  bank5        000000
__Lbank6                  bank6        000000
__Lbank7                  bank7        000000
__Lbigbss                 bigbss       000000
__Lbigdata                bigdata      000000
__Lbigram                 bigram       000000
__Lbigsfr                 bigsfr       000000
__Lbss                    bss          000000
__LbssBANK0               bssBANK0     000000
__LbssCOMRAM              bssCOMRAM    000000
__Lcinit                  cinit        000000
__Lclrtext                clrtext      000000
__Lcomram                 comram       000000
__Lconfig                 config       000000
__Lconst                  const        000000
__LcstackBANK0            cstackBANK0  000000
__LcstackCOMRAM           cstackCOMRAM 000000
__Ldata                   data         000000
__LdataBANK0              dataBANK0    000000
__LdataCOMRAM             dataCOMRAM   000000
__Leeprom_data            eeprom_data  000000
__Lfarbss                 farbss       000000
__Lfardata                fardata      000000
__Lheap                   heap         000000
__Libigdata               ibigdata     000000
__Lidata                  idata        000000
__LidataBANK0             idataBANK0   000000
__LidataCOMRAM            idataCOMRAM  000000
__Lidloc                  idloc        000000
__Lifardata               ifardata     000000
__Linit                   init         00000E
__Lintcode                intcode      000008
__Lintcode_body           intcode_body 000000
__Lintcodelo              intcodelo    00000E
__Lintentry               intentry     000000
__Lintret                 intret       000000
__Lintsave_regs           intsave_regs 000000
__Lirdata                 irdata       000000
__Lmediumconst            mediumconst  000000
__LnvFARRAM               nvFARRAM     000000
__Lnvbit                  nvbit        000000
__Lnvrram                 nvrram       000000
__Lparam                  rparam       000000
__Lpowerup                powerup      00000E
__Lram                    ram          000000
__Lramtop                 ramtop       000800
__Lrbit                   rbit         000000
__Lrbss                   rbss         000000
__Lrdata                  rdata        000000
__Lreset_vec              reset_vec    000000
__Lrparam                 rparam       000000
__Lsfr                    sfr          000000
__Lsmallconst             smallconst   000800
__Lspace_0                (abs)        000000
__Lspace_1                (abs)        000000
__Lspace_2                (abs)        000000
__Lspace_4                (abs)        000000
__Lstack                  stack        000000
__Lstruct                 struct       000000
__Ltemp                   temp         00004D
__Ltext                   text         000000
__Ltext0                  text0        000000
__Ltext1                  text1        000000
__Ltext10                 text10       000000
__Ltext11                 text11       000000
__Ltext12                 text12       000000
__Ltext13                 text13       000000
__Ltext14                 text14       000000
__Ltext15                 text15       000000
__Ltext16                 text16       000000
__Ltext17                 text17       000000
__Ltext18                 text18       000000
__Ltext19                 text19       000000
__Ltext2                  text2        000000
__Ltext21                 text21       000000
__Ltext22                 text22       000000
__Ltext23                 text23       000000
__Ltext24                 text24       000000
__Ltext25                 text25       000000
__Ltext26                 text26       000000
__Ltext27                 text27       000000
__Ltext28                 text28       000000
__Ltext29                 text29       000000
__Ltext3                  text3        000000
__Ltext30                 text30       000000
__Ltext31                 text31       000000
__Ltext32                 text32       000000
__Ltext33                 text33       000000
__Ltext4                  text4        000000
__Ltext5                  text5        000000
__Ltext6                  text6        000000
__Ltext7                  text7        000000
__Ltext8                  text8        000000
__Ltext9                  text9        000000
__S0                      (abs)        002610
__S1                      (abs)        000094
__S4                      (abs)        000000
__S5                      (abs)        000000
___awdiv                  text14       001F2A
___awdiv@counter          cstackBANK0  000088
___awdiv@dividend         cstackBANK0  000084
___awdiv@divisor          cstackBANK0  000086
___awdiv@quotient         cstackBANK0  00008A
___awdiv@sign             cstackBANK0  000089
___awmod                  text13       001FF0
___awmod@counter          cstackCOMRAM 000037
___awmod@dividend         cstackCOMRAM 000033
___awmod@divisor          cstackCOMRAM 000035
___awmod@sign             cstackCOMRAM 000038
___heap_hi                (abs)        000000
___heap_lo                (abs)        000000
___inthi_sp               stack        000000
___intlo_sp               stack        000000
___param_bank             (abs)        000000
___rparam_used            (abs)        000001
___sp                     stack        000000
__accesstop               (abs)        000060
__activetblptr            (abs)        000002
__end_of_BorraLCD         text11       0025CC
__end_of_ConfiguraLCD     text19       002520
__end_of_DireccionaLCD    text15       002562
__end_of_EnviaDato        text16       00241A
__end_of_EscribeLCD_c     text9        00254C
__end_of_EscribeLCD_n8    text12       001BDE
__end_of_HabilitaLCD      text18       002602
__end_of_ISR              intcode_body 001424
__end_of_InicializaLCD    text10       001F2A
__end_of_MensajeLCD_Var   text8        0024B6
__end_of_RetardoLCD       text17       002130
__end_of_Transmitir       text7        002536
__end_of___awdiv          text14       001FF0
__end_of___awmod          text13       0020A0
__end_of__initialization  cinit        002218
__end_of_columna1         smallconst   000807
__end_of_columna2         smallconst   000805
__end_of_columna3         smallconst   000803
__end_of_extender         text6        0022F2
__end_of_guardarV         text3        001674
__end_of_ira              text5        000B9C
__end_of_main             text0        001A64
__end_of_piso1            smallconst   00080F
__end_of_piso2            smallconst   00080D
__end_of_piso3            smallconst   00080B
__end_of_piso4            smallconst   000809
__end_of_recoger          text4        00228C
__end_of_sacarV           text2        001174
__end_of_setorigin        text1        001D1C
__end_of_stepDelay        smallconst   000811
__end_ofi2_BorraLCD       text30       0025E0
__end_ofi2_DireccionaLCD  text29       0025A4
__end_ofi2_EnviaDato      text31       002476
__end_ofi2_EscribeLCD_c   text28       00258E
__end_ofi2_HabilitaLCD    text33       002610
__end_ofi2_MensajeLCD_Var text27       0024F4
__end_ofi2_RetardoLCD     text32       0021C0
__end_ofi2_Transmitir     text26       002578
__end_ofi2_extender       text25       0023BE
__end_ofi2_guardarV       text22       0018C4
__end_ofi2_ira            text24       000EA2
__end_ofi2_recoger        text23       002358
__end_ofi2_setorigin      text21       001E5A
__initialization          cinit        0021C0
__mediumconst             mediumconst  000000
__pbssBANK0               bssBANK0     000074
__pbssCOMRAM              bssCOMRAM    000001
__pcinit                  cinit        0021C0
__pcstackBANK0            cstackBANK0  000084
__pcstackCOMRAM           cstackCOMRAM 000021
__pdataBANK0              dataBANK0    000060
__pdataCOMRAM             dataCOMRAM   00003A
__pidataBANK0             idataBANK0   0025A4
__pidataCOMRAM            idataCOMRAM  0025E0
__pintcode                intcode      000008
__pintcode_body           intcode_body 001174
__psmallconst             smallconst   000800
__ptext0                  text0        0018C4
__ptext1                  text1        001BDE
__ptext10                 text10       001E5A
__ptext11                 text11       0025B8
__ptext12                 text12       001A64
__ptext13                 text13       001FF0
__ptext14                 text14       001F2A
__ptext15                 text15       00254C
__ptext16                 text16       0023BE
__ptext17                 text17       0020A0
__ptext18                 text18       0025F4
__ptext19                 text19       0024F4
__ptext2                  text2        000EA2
__ptext21                 text21       001D1C
__ptext22                 text22       001674
__ptext23                 text23       0022F2
__ptext24                 text24       000B9C
__ptext25                 text25       002358
__ptext26                 text26       002562
__ptext27                 text27       0024B6
__ptext28                 text28       002578
__ptext29                 text29       00258E
__ptext3                  text3        001424
__ptext30                 text30       0025CC
__ptext31                 text31       00241A
__ptext32                 text32       002130
__ptext33                 text33       002602
__ptext4                  text4        002226
__ptext5                  text5        00088A
__ptext6                  text6        00228C
__ptext7                  text7        002520
__ptext8                  text8        002476
__ptext9                  text9        002536
__ramtop                  ramtop       000800
__smallconst              smallconst   000800
_auxT                     bssBANK0     000074
_carro                    bssCOMRAM    000017
_carro1                   dataCOMRAM   000046
_carro2                   dataCOMRAM   000042
_carro3                   dataCOMRAM   00003E
_carro4                   dataCOMRAM   00003A
_carro5                   dataBANK0    000070
_carro6                   dataBANK0    00006C
_carro7                   dataBANK0    000068
_carro8                   dataBANK0    000064
_carro9                   dataBANK0    000060
_columna1                 smallconst   000805
_columna3                 smallconst   000801
_contador                 bssCOMRAM    000015
_estado                   bssCOMRAM    000013
_estadob                  bssCOMRAM    000011
_extender                 text6        00228C
_guardarV                 text3        001424
_interfaz                 dataCOMRAM   00004C
_ira                      text5        00088A
_lectura                  bssCOMRAM    00001D
_main                     text0        0018C4
_piso1                    smallconst   00080D
_piso2                    smallconst   00080B
_posX                     bssCOMRAM    000009
_posY                     bssCOMRAM    000001
_recoger                  text4        002226
_sacarV                   text2        000EA2
_setorigin                text1        001BDE
_vactual                  bssCOMRAM    000019
_vs                       dataCOMRAM   00004A
btemp                     temp         00004D
end_of_initialization     cinit        002218
extender@i                cstackCOMRAM 000034
i2DireccionaLCD@a         cstackCOMRAM 000026
i2EnviaDato@a             cstackCOMRAM 000025
i2EscribeLCD_c@a          cstackCOMRAM 000026
i2MensajeLCD_Var@a        cstackCOMRAM 000027
i2MensajeLCD_Var@p        cstackCOMRAM 000029
i2RetardoLCD@a            cstackCOMRAM 000023
i2Transmitir@dato         cstackCOMRAM 000021
i2_BorraLCD               text30       0025CC
i2_DireccionaLCD          text29       00258E
i2_EnviaDato              text31       00241A
i2_EscribeLCD_c           text28       002578
i2_HabilitaLCD            text33       002602
i2_MensajeLCD_Var         text27       0024B6
i2_RetardoLCD             text32       002130
i2_Transmitir             text26       002562
i2_extender               text25       002358
i2_guardarV               text22       001674
i2_ira                    text24       000B9C
i2_recoger                text23       0022F2
i2_setorigin              text21       001D1C
i2extender@i              cstackCOMRAM 000022
i2ira@desX                cstackCOMRAM 000021
i2ira@desY                cstackCOMRAM 000023
i2recoger@i               cstackCOMRAM 000022
i2setorigin@i             cstackCOMRAM 000022
int$flags                 temp         00004D
int_func                  intcode_body 001174
intlevel0                 text         000000
intlevel1                 text         000000
intlevel2                 text         000000
intlevel3                 text         000000
ira@desX                  cstackCOMRAM 000033
ira@desY                  cstackCOMRAM 000035
isa$std                   (abs)        000001
isa$xinst                 (abs)        000000
recoger@i                 cstackCOMRAM 000034
setorigin@i               cstackCOMRAM 000034
stackhi                   (abs)        000000
stacklo                   (abs)        000000
start                     init         00000E
start_initialization      cinit        0021C0
ttemp5                    temp         00004E
ttemp6                    temp         000051
ttemp7                    temp         000055
wtemp8                    temp         00004E


MODULE INFORMATION

Module		Function		Class		Link	Load	Size
./LibLCDXC8.h
		_DireccionaLCD 		CODE           	254C	0000	22
		_InicializaLCD 		CODE           	1E5A	0000	208
		_EnviaDato     		CODE           	23BE	0000	92
		_MensajeLCD_Var		CODE           	2476	0000	64
		_EscribeLCD_c  		CODE           	2536	0000	22
		_HabilitaLCD   		CODE           	25F4	0000	14
		_EscribeLCD_n8 		CODE           	1A64	0000	378
		_ConfiguraLCD  		CODE           	24F4	0000	44
		_BorraLCD      		CODE           	25B8	0000	20
		_RetardoLCD    		CODE           	20A0	0000	144

./LibLCDXC8.h estimated size: 1008

C:\Program Files\Microchip\xc8\v2.36\pic\sources\c99\common\awmod.c
		___awmod       		CODE           	1FF0	0000	176

C:\Program Files\Microchip\xc8\v2.36\pic\sources\c99\common\awmod.c estimated size: 176

proyectofinal.c
		_recoger       		CODE           	2226	0000	102
		_ISR           		CODE           	0008	0000	694
		_sacarV        		CODE           	0EA2	0000	722
		_extender      		CODE           	228C	0000	102
		_main          		CODE           	18C4	0000	416
		_Transmitir    		CODE           	2520	0000	22
		_setorigin     		CODE           	1BDE	0000	318
		_guardarV      		CODE           	1424	0000	592
		_ira           		CODE           	088A	0000	786

proyectofinal.c estimated size: 3754

C:\Program Files\Microchip\xc8\v2.36\pic\sources\c99\common\awdiv.c
		___awdiv       		CODE           	1F2A	0000	198

C:\Program Files\Microchip\xc8\v2.36\pic\sources\c99\common\awdiv.c estimated size: 198

shared
		i2_MensajeLCD_Var		CODE           	24B6	0000	62
		i2_EscribeLCD_c		CODE           	2578	0000	22
		i2_EnviaDato   		CODE           	241A	0000	92
		i2_recoger     		CODE           	22F2	0000	102
		_piso1         		SMALLCONST     	080D	0000	2
		__initialization		CODE           	21C0	0000	88
		i2_DireccionaLCD		CODE           	258E	0000	22
		i2_HabilitaLCD 		CODE           	2602	0000	14
		_stepDelay     		SMALLCONST     	0000	0000	0
		_columna1      		SMALLCONST     	0805	0000	2
		_columna2      		SMALLCONST     	0000	0000	0
		_columna3      		SMALLCONST     	0801	0000	2
		_piso2         		SMALLCONST     	080B	0000	2
		i2_BorraLCD    		CODE           	25CC	0000	20
		i2_ira         		CODE           	0B9C	0000	774
		i2_RetardoLCD  		CODE           	2130	0000	144
		i2_extender    		CODE           	2358	0000	102
		_piso3         		SMALLCONST     	0000	0000	0
		i2_Transmitir  		CODE           	2562	0000	22
		i2_guardarV    		CODE           	1674	0000	592
		i2_setorigin   		CODE           	1D1C	0000	318
		_piso4         		SMALLCONST     	0000	0000	0

shared estimated size: 2382

