Microchip MPLAB XC8 Compiler V2.40

Linker command line:

-W-3 \
  --edf=C:\Program Files\Microchip\xc8\v2.40\pic\dat\20220703182018_en.msgs \
  -cn -h+dist/default/production\Aceleracion.X.production.sym \
  --cmf=dist/default/production\Aceleracion.X.production.cmf -z -Q18F4550 \
  -oC:\Users\felip\AppData\Local\Temp\xcAsgv4.4 --defsym=__MPLAB_BUILD=1 \
  --fixupoverflow=error \
  -Mdist/default/production/Aceleracion.X.production.map \
  --md=C:\Users\felip\AppData\Local\Temp\xcAsgv4.dat -E1 -ver=XC8 Compiler \
  --acfsm=1493 -ACODE=00h-07FFFh -ACONST=00h-07FFFh \
  -ASMALLCONST=0800h-08FFhx120 -AMEDIUMCONST=0800h-07FFFh -ACOMRAM=01h-05Fh \
  -AABS1=00h-07FFh -ABIGRAM=01h-07FFh -ARAM=060h-0FFh,0100h-01FFhx7 \
  -ABANK0=060h-0FFh -ABANK1=0100h-01FFh -ABANK2=0200h-02FFh \
  -ABANK3=0300h-03FFh -ABANK4=0400h-04FFh -ABANK5=0500h-05FFh \
  -ABANK6=0600h-06FFh -ABANK7=0700h-07FFh -ASFR=0F60h-0FFFh \
  -ABIGSFR=0F60h-0FFFh -ACONFIG=0300000h-030000Dh -AIDLOC=0200000h-0200007h \
  -AEEDATA=0F00000h-0F000FFh -peeprom_data=EEDATA \
  -preset_vec=00h,intcode=08h,intcodelo,powerup,init -pramtop=0800h \
  -psmallconst=SMALLCONST -pmediumconst=MEDIUMCONST -pconst=CONST \
  -AFARRAM=00h-00h \
  -prdata=COMRAM,nvrram=COMRAM,nvbit=COMRAM,rbss=COMRAM,rbit=COMRAM \
  -pfarbss=FARRAM,fardata=FARRAM,nvFARRAM=FARRAM \
  -pintsave_regs=BIGRAM,bigbss=BIGRAM,bigdata=BIGRAM -pbss=RAM \
  -pidata=CODE,irdata=CODE,ibigdata=CODE,ifardata=CODE -prparam=COMRAM \
  C:\Users\felip\AppData\Local\Temp\xcAsgv4.o \
  dist/default/production\Aceleracion.X.production.o 

Object code version is 3.11

Machine type is 18F4550



                Name                               Link     Load   Length Selector   Space Scale
C:\Users\felip\AppData\Local\Temp\xcAsgv4.o
                idloc                            200000   200000        8        0       5
                config                           300000   300000        E        0       4
                init                                  E        E        4        4       0
                reset_vec                             0        0        4        0       0
dist/default/production\Aceleracion.X.production.o
                intcode                               8        8        6        4       0
                idloc                            200000   200000        8        0       5
                config                           300000   300000        E        0       4
                temp                                 5E       5E        1        1       1
                text13                             1AB8     1AB8      39A        4       0
                text12                             12F2     12F2      42A        4       0
                text11                              A06      A06      4C0        4       0
                text10                             2620     2620       46        4       0
                text9                              24D2     24D2      106        4       0
                text8                              2216     2216      1B4        4       0
                intcode_body                         12       12      532        4       0
                text6                              171C     171C      39C        4       0
                text5                               EC6      EC6      42C        4       0
                text4                               544      544      4C2        4       0
                text3                              25D8     25D8       48        4       0
                text2                              23CA     23CA      108        4       0
                text1                              205E     205E      1B8        4       0
                text0                              1E52     1E52      20C        4       0
                cstackCOMRAM                          1        1       55        1       1
                cstackBANK0                          60       60       44       60       1
                bssBANK0                             A4       A4       1C       60       1
                bssCOMRAM                            56       56        8        1       1
                cinit                              2666     2666       22        4       0
                nvBANK0                              C0       C0       1A       60       1

TOTAL           Name                               Link     Load   Length     Space
        CLASS   CODE           
                intcode                               8        8        6         0
                init                                  E        E        4         0
                reset_vec                             0        0        4         0
                text13                             1AB8     1AB8      39A         0
                text12                             12F2     12F2      42A         0
                text11                              A06      A06      4C0         0
                text10                             2620     2620       46         0
                text9                              24D2     24D2      106         0
                text8                              2216     2216      1B4         0
                intcode_body                         12       12      532         0
                text6                              171C     171C      39C         0
                text5                               EC6      EC6      42C         0
                text4                               544      544      4C2         0
                text3                              25D8     25D8       48         0
                text2                              23CA     23CA      108         0
                text1                              205E     205E      1B8         0
                text0                              1E52     1E52      20C         0
                cinit                              2666     2666       22         0

        CLASS   CONST          

        CLASS   SMALLCONST     

        CLASS   MEDIUMCONST    

        CLASS   COMRAM         
                temp                                 5E       5E        1         1
                cstackCOMRAM                          1        1       55         1
                bssCOMRAM                            56       56        8         1

        CLASS   ABS1           

        CLASS   BIGRAM         

        CLASS   RAM            

        CLASS   BANK0          
                cstackBANK0                          60       60       44         1
                bssBANK0                             A4       A4       1C         1
                nvBANK0                              C0       C0       1A         1

        CLASS   BANK1          

        CLASS   BANK2          

        CLASS   BANK3          

        CLASS   BANK4          

        CLASS   BANK5          

        CLASS   BANK6          

        CLASS   BANK7          

        CLASS   SFR            

        CLASS   BIGSFR         

        CLASS   CONFIG         
                config                           300000   300000        E         4

        CLASS   IDLOC          
                idloc                            200000   200000        8         5

        CLASS   EEDATA         

        CLASS   FARRAM         

        CLASS   HEAP           

        CLASS   STACK          



SEGMENTS        Name                           Load    Length   Top    Selector   Space  Class

                reset_vec                      000000  000004  000004         0       0  CODE    
                cstackCOMRAM                   000001  00005E  00005F         1       1  COMRAM  
                intcode                        000008  002680  002688         4       0  CODE    
                cstackBANK0                    000060  00007A  0000DA        60       1  BANK0   


UNUSED ADDRESS RANGES

        Name                Unused          Largest block    Delta
        BANK0            0000DA-0000FF               26
        BANK1            000100-0001FF              100
        BANK2            000200-0002FF              100
        BANK3            000300-0003FF              100
        BANK4            000400-0004FF              100
        BANK5            000500-0005FF              100
        BANK6            000600-0006FF              100
        BANK7            000700-0007FF              100
        BIGRAM           00005F-00005F                1
                         0000DA-0007FF              726
        BIGSFR           000F60-000FFF               A0
        CODE             000004-000007                4
                         002688-007FFF             5978
        COMRAM           00005F-00005F                1
        CONST            000004-000007                4
                         002688-007FFF             5978
        EEDATA           F00000-F000FF              100
        MEDIUMCONST      002688-007FFF             5978
        RAM              0000DA-0007FF              100
        SFR              000F60-000FFF               A0
        SMALLCONST       002688-007FFF              100

                                  Symbol Table

?___fladd                cstackBANK0  000060
?___fldiv                cstackBANK0  000079
?___flmul                cstackBANK0  000060
?___flsub                cstackBANK0  000092
?___fltol                cstackBANK0  00009A
?___xxtofl               cstackBANK0  000060
?i2___fladd              cstackCOMRAM 000001
?i2___fldiv              cstackCOMRAM 000028
?i2___flmul              cstackCOMRAM 00000F
?i2___flsub              cstackCOMRAM 000041
?i2___fltol              cstackCOMRAM 000049
?i2___xxtofl             cstackCOMRAM 000001
_GIE                     (abs)        007F97
_ISR                     intcode      000008
_LATD                    (abs)        000F8C
_LATD0                   (abs)        007C60
_LATD1                   (abs)        007C61
_T0CON                   (abs)        000FD5
_T1CON                   (abs)        000FCD
_T3CON                   (abs)        000FB1
_TIntx                   bssBANK0     0000A8
_TInty                   bssBANK0     0000A4
_TMR0                    (abs)        000FD6
_TMR0IE                  (abs)        007F95
_TMR0IF                  (abs)        007F92
_TMR0ON                  (abs)        007EAF
_TMR1                    (abs)        000FCE
_TMR1IE                  (abs)        007CE8
_TMR1IF                  (abs)        007CF0
_TMR1ON                  (abs)        007E68
_TMR3                    (abs)        000FB2
_TMR3IE                  (abs)        007D01
_TMR3IF                  (abs)        007D09
_TMR3ON                  (abs)        007D88
_TRISD                   (abs)        000F95
_Ta                      nvBANK0      0000CC
_TvC                     nvBANK0      0000C0
__HRAM                   (abs)        000000
__Habs1                  abs1         000000
__Hbank0                 bank0        000000
__Hbank1                 bank1        000000
__Hbank2                 bank2        000000
__Hbank3                 bank3        000000
__Hbank4                 bank4        000000
__Hbank5                 bank5        000000
__Hbank6                 bank6        000000
__Hbank7                 bank7        000000
__Hbigbss                bigbss       000000
__Hbigdata               bigdata      000000
__Hbigram                bigram       000000
__Hbigsfr                bigsfr       000000
__Hbss                   bss          000000
__HbssBANK0              bssBANK0     000000
__HbssCOMRAM             bssCOMRAM    000000
__Hcinit                 cinit        000000
__Hclrtext               clrtext      000000
__Hcomram                comram       000000
__Hconfig                config       30000E
__Hconst                 const        000000
__HcstackBANK0           cstackBANK0  000000
__HcstackCOMRAM          cstackCOMRAM 000000
__Hdata                  data         000000
__Heeprom_data           eeprom_data  000000
__Hfarbss                farbss       000000
__Hfardata               fardata      000000
__Hheap                  heap         000000
__Hibigdata              ibigdata     000000
__Hidata                 idata        000000
__Hidloc                 idloc        200008
__Hifardata              ifardata     000000
__Hinit                  init         000012
__Hintcode               intcode      00000E
__Hintcode_body          intcode_body 000000
__Hintcodelo             intcodelo    00000E
__Hintentry              intentry     000000
__Hintret                intret       000000
__Hintsave_regs          intsave_regs 000000
__Hirdata                irdata       000000
__Hmediumconst           mediumconst  000000
__HnvBANK0               nvBANK0      000000
__HnvFARRAM              nvFARRAM     000000
__Hnvbit                 nvbit        000000
__Hnvrram                nvrram       000000
__Hparam                 rparam       000000
__Hpowerup               powerup      00000E
__Hram                   ram          000000
__Hramtop                ramtop       000800
__Hrbit                  rbit         000000
__Hrbss                  rbss         000000
__Hrdata                 rdata        000000
__Hreset_vec             reset_vec    000004
__Hrparam                rparam       000000
__Hsfr                   sfr          000000
__Hsmallconst            smallconst   000000
__Hspace_0               (abs)        002688
__Hspace_1               (abs)        0000DA
__Hspace_2               (abs)        000000
__Hspace_4               (abs)        60000E
__Hstack                 stack        000000
__Hstruct                struct       000000
__Htemp                  temp         00005F
__Htext                  text         000000
__Htext0                 text0        000000
__Htext1                 text1        000000
__Htext10                text10       000000
__Htext11                text11       000000
__Htext12                text12       000000
__Htext13                text13       000000
__Htext2                 text2        000000
__Htext3                 text3        000000
__Htext4                 text4        000000
__Htext5                 text5        000000
__Htext6                 text6        000000
__Htext8                 text8        000000
__Htext9                 text9        000000
__LRAM                   (abs)        000001
__Labs1                  abs1         000000
__Lbank0                 bank0        000000
__Lbank1                 bank1        000000
__Lbank2                 bank2        000000
__Lbank3                 bank3        000000
__Lbank4                 bank4        000000
__Lbank5                 bank5        000000
__Lbank6                 bank6        000000
__Lbank7                 bank7        000000
__Lbigbss                bigbss       000000
__Lbigdata               bigdata      000000
__Lbigram                bigram       000000
__Lbigsfr                bigsfr       000000
__Lbss                   bss          000000
__LbssBANK0              bssBANK0     000000
__LbssCOMRAM             bssCOMRAM    000000
__Lcinit                 cinit        000000
__Lclrtext               clrtext      000000
__Lcomram                comram       000000
__Lconfig                config       000000
__Lconst                 const        000000
__LcstackBANK0           cstackBANK0  000000
__LcstackCOMRAM          cstackCOMRAM 000000
__Ldata                  data         000000
__Leeprom_data           eeprom_data  000000
__Lfarbss                farbss       000000
__Lfardata               fardata      000000
__Lheap                  heap         000000
__Libigdata              ibigdata     000000
__Lidata                 idata        000000
__Lidloc                 idloc        000000
__Lifardata              ifardata     000000
__Linit                  init         00000E
__Lintcode               intcode      000008
__Lintcode_body          intcode_body 000000
__Lintcodelo             intcodelo    00000E
__Lintentry              intentry     000000
__Lintret                intret       000000
__Lintsave_regs          intsave_regs 000000
__Lirdata                irdata       000000
__Lmediumconst           mediumconst  000000
__LnvBANK0               nvBANK0      000000
__LnvFARRAM              nvFARRAM     000000
__Lnvbit                 nvbit        000000
__Lnvrram                nvrram       000000
__Lparam                 rparam       000000
__Lpowerup               powerup      00000E
__Lram                   ram          000000
__Lramtop                ramtop       000800
__Lrbit                  rbit         000000
__Lrbss                  rbss         000000
__Lrdata                 rdata        000000
__Lreset_vec             reset_vec    000000
__Lrparam                rparam       000000
__Lsfr                   sfr          000000
__Lsmallconst            smallconst   000000
__Lspace_0               (abs)        000000
__Lspace_1               (abs)        000000
__Lspace_2               (abs)        000000
__Lspace_4               (abs)        000000
__Lstack                 stack        000000
__Lstruct                struct       000000
__Ltemp                  temp         00005E
__Ltext                  text         000000
__Ltext0                 text0        000000
__Ltext1                 text1        000000
__Ltext10                text10       000000
__Ltext11                text11       000000
__Ltext12                text12       000000
__Ltext13                text13       000000
__Ltext2                 text2        000000
__Ltext3                 text3        000000
__Ltext4                 text4        000000
__Ltext5                 text5        000000
__Ltext6                 text6        000000
__Ltext8                 text8        000000
__Ltext9                 text9        000000
__S0                     (abs)        002688
__S1                     (abs)        0000DA
__S4                     (abs)        000000
__S5                     (abs)        000000
___fladd                 text4        000544
___fladd@a               cstackBANK0  000064
___fladd@aexp            cstackBANK0  00006D
___fladd@b               cstackBANK0  000060
___fladd@bexp            cstackBANK0  00006E
___fladd@grs             cstackBANK0  00006F
___fladd@signs           cstackBANK0  00006C
___fldiv                 text6        00171C
___fldiv@a               cstackBANK0  00007D
___fldiv@aexp            cstackBANK0  000091
___fldiv@b               cstackBANK0  000079
___fldiv@bexp            cstackBANK0  000090
___fldiv@grs             cstackBANK0  00008C
___fldiv@new_exp         cstackBANK0  00008A
___fldiv@rem             cstackBANK0  000085
___fldiv@sign            cstackBANK0  000089
___flmul                 text5        000EC6
___flmul@a               cstackBANK0  000064
___flmul@aexp            cstackBANK0  000071
___flmul@b               cstackBANK0  000060
___flmul@bexp            cstackBANK0  000072
___flmul@grs             cstackBANK0  00006D
___flmul@prod            cstackBANK0  000073
___flmul@sign            cstackBANK0  00006C
___flmul@temp            cstackBANK0  000077
___flsub                 text3        0025D8
___flsub@a               cstackBANK0  000096
___flsub@b               cstackBANK0  000092
___fltol                 text2        0023CA
___fltol@exp1            cstackBANK0  0000A3
___fltol@f1              cstackBANK0  00009A
___fltol@sign1           cstackBANK0  0000A2
___heap_hi               (abs)        000000
___heap_lo               (abs)        000000
___inthi_sp              stack        000000
___intlo_sp              stack        000000
___param_bank            (abs)        000000
___rparam_used           (abs)        000001
___sp                    stack        000000
___xxtofl                text1        00205E
___xxtofl@arg            cstackBANK0  00006A
___xxtofl@exp            cstackBANK0  000069
___xxtofl@sign           cstackBANK0  000068
___xxtofl@val            cstackBANK0  000060
__accesstop              (abs)        000060
__activetblptr           (abs)        000000
__end_of_ISR             intcode_body 000544
__end_of___fladd         text4        000A06
__end_of___fldiv         text6        001AB8
__end_of___flmul         text5        0012F2
__end_of___flsub         text3        002620
__end_of___fltol         text2        0024D2
__end_of___xxtofl        text1        002216
__end_of__initialization cinit        00267E
__end_of_main            text0        00205E
__end_ofi2___fladd       text11       000EC6
__end_ofi2___fldiv       text13       001E52
__end_ofi2___flmul       text12       00171C
__end_ofi2___flsub       text10       002666
__end_ofi2___fltol       text9        0025D8
__end_ofi2___xxtofl      text8        0023CA
__initialization         cinit        002666
__mediumconst            mediumconst  000000
__pbssBANK0              bssBANK0     0000A4
__pbssCOMRAM             bssCOMRAM    000056
__pcinit                 cinit        002666
__pcstackBANK0           cstackBANK0  000060
__pcstackCOMRAM          cstackCOMRAM 000001
__pintcode               intcode      000008
__pintcode_body          intcode_body 000012
__pnvBANK0               nvBANK0      0000C0
__ptext0                 text0        001E52
__ptext1                 text1        00205E
__ptext10                text10       002620
__ptext11                text11       000A06
__ptext12                text12       0012F2
__ptext13                text13       001AB8
__ptext2                 text2        0023CA
__ptext3                 text3        0025D8
__ptext4                 text4        000544
__ptext5                 text5        000EC6
__ptext6                 text6        00171C
__ptext8                 text8        002216
__ptext9                 text9        0024D2
__ramtop                 ramtop       000800
__smallconst             smallconst   000000
_ac                      nvBANK0      0000D0
_counter                 bssCOMRAM    000056
_counterVC               bssBANK0     0000B0
_cru                     bssBANK0     0000B2
_deltaT                  nvBANK0      0000D6
_des                     bssCOMRAM    000058
_main                    text0        001E52
_pasosX                  nvBANK0      0000D4
_pasosXDados             bssCOMRAM    00005C
_pasosY                  nvBANK0      0000D2
_pasosYDados             bssCOMRAM    00005A
_pasosZ                  bssBANK0     0000BA
_pasosZDados             bssBANK0     0000B8
_precargaX               bssBANK0     0000B6
_precargaY               bssBANK0     0000B4
_vCx                     nvBANK0      0000C8
_vCy                     nvBANK0      0000C4
_vInsx                   bssBANK0     0000BC
_vInsy                   bssBANK0     0000AC
btemp                    temp         00005E
end_of_initialization    cinit        00267E
i2___fladd               text11       000A06
i2___fladd@a             cstackCOMRAM 000005
i2___fladd@aexp          cstackCOMRAM 00000E
i2___fladd@b             cstackCOMRAM 000001
i2___fladd@bexp          cstackCOMRAM 00000F
i2___fladd@grs           cstackCOMRAM 000010
i2___fladd@signs         cstackCOMRAM 00000D
i2___fldiv               text13       001AB8
i2___fldiv@a             cstackCOMRAM 00002C
i2___fldiv@aexp          cstackCOMRAM 000040
i2___fldiv@b             cstackCOMRAM 000028
i2___fldiv@bexp          cstackCOMRAM 00003F
i2___fldiv@grs           cstackCOMRAM 00003B
i2___fldiv@new_exp       cstackCOMRAM 000039
i2___fldiv@rem           cstackCOMRAM 000034
i2___fldiv@sign          cstackCOMRAM 000038
i2___flmul               text12       0012F2
i2___flmul@a             cstackCOMRAM 000013
i2___flmul@aexp          cstackCOMRAM 000020
i2___flmul@b             cstackCOMRAM 00000F
i2___flmul@bexp          cstackCOMRAM 000021
i2___flmul@grs           cstackCOMRAM 00001C
i2___flmul@prod          cstackCOMRAM 000022
i2___flmul@sign          cstackCOMRAM 00001B
i2___flmul@temp          cstackCOMRAM 000026
i2___flsub               text10       002620
i2___flsub@a             cstackCOMRAM 000045
i2___flsub@b             cstackCOMRAM 000041
i2___fltol               text9        0024D2
i2___fltol@exp1          cstackCOMRAM 000052
i2___fltol@f1            cstackCOMRAM 000049
i2___fltol@sign1         cstackCOMRAM 000051
i2___xxtofl              text8        002216
i2___xxtofl@arg          cstackCOMRAM 00000B
i2___xxtofl@exp          cstackCOMRAM 00000A
i2___xxtofl@sign         cstackCOMRAM 000009
i2___xxtofl@val          cstackCOMRAM 000001
int$flags                temp         00005E
int_func                 intcode_body 000012
intlevel0                text         000000
intlevel1                text         000000
intlevel2                text         000000
intlevel3                text         000000
isa$std                  (abs)        000001
isa$xinst                (abs)        000000
stackhi                  (abs)        000000
stacklo                  (abs)        000000
start                    init         00000E
start_initialization     cinit        002666
ttemp5                   temp         00005F
ttemp6                   temp         000062
ttemp7                   temp         000066
wtemp8                   temp         00005F


MODULE INFORMATION

Module		Function		Class		Link	Load	Size
C:\Program Files\Microchip\xc8\v2.40\pic\sources\c99\common\sprcmul.c
		___flmul       		CODE           	0EC6	0000	1068

C:\Program Files\Microchip\xc8\v2.40\pic\sources\c99\common\sprcmul.c estimated size: 1068

C:\Program Files\Microchip\xc8\v2.40\pic\sources\c99\common\sprcdiv.c
		___fldiv       		CODE           	171C	0000	924

C:\Program Files\Microchip\xc8\v2.40\pic\sources\c99\common\sprcdiv.c estimated size: 924

C:\Program Files\Microchip\xc8\v2.40\pic\sources\c99\common\fltol.c
		___fltol       		CODE           	23CA	0000	264

C:\Program Files\Microchip\xc8\v2.40\pic\sources\c99\common\fltol.c estimated size: 264

Aceleracion.c
		_ISR           		CODE           	0008	0000	1336
		_main          		CODE           	1E52	0000	524

Aceleracion.c estimated size: 1860

C:\Program Files\Microchip\xc8\v2.40\pic\sources\c99\common\sprcadd.c
		___flsub       		CODE           	25D8	0000	72
		___fladd       		CODE           	0544	0000	1218

C:\Program Files\Microchip\xc8\v2.40\pic\sources\c99\common\sprcadd.c estimated size: 1290

C:\Program Files\Microchip\xc8\v2.40\pic\sources\c99\common\xxtofl.c
		___xxtofl      		CODE           	205E	0000	440

C:\Program Files\Microchip\xc8\v2.40\pic\sources\c99\common\xxtofl.c estimated size: 440

shared
		i2___fladd     		CODE           	0A06	0000	1216
		i2___fldiv     		CODE           	1AB8	0000	922
		i2___fltol     		CODE           	24D2	0000	262
		__initialization		CODE           	2666	0000	24
		i2___flmul     		CODE           	12F2	0000	1066
		i2___xxtofl    		CODE           	2216	0000	436
		i2___flsub     		CODE           	2620	0000	70

shared estimated size: 3996

