Microchip MPLAB XC8 Compiler V2.40

Linker command line:

-W-3 \
  --edf=C:\Program Files\Microchip\xc8\v2.40\pic\dat\20220703182018_en.msgs \
  -cn -h+dist/default/production\controlMotores.X.production.sym \
  --cmf=dist/default/production\controlMotores.X.production.cmf -z \
  -Q18F4550 -oC:\Users\felip\AppData\Local\Temp\xcAsi04.4 \
  --defsym=__MPLAB_BUILD=1 --fixupoverflow=error \
  -Mdist/default/production/controlMotores.X.production.map \
  --md=C:\Users\felip\AppData\Local\Temp\xcAsi04.dat -E1 -ver=XC8 Compiler \
  --acfsm=1493 -ACODE=00h-07FFFh -ACONST=00h-07FFFh \
  -ASMALLCONST=0800h-08FFhx120 -AMEDIUMCONST=0800h-07FFFh -ACOMRAM=01h-05Fh \
  -AABS1=00h-07FFh -ABIGRAM=01h-07FFh -ARAM=060h-0FFh,0100h-01FFhx7 \
  -ABANK0=060h-0FFh -ABANK1=0100h-01FFh -ABANK2=0200h-02FFh \
  -ABANK3=0300h-03FFh -ABANK4=0400h-04FFh -ABANK5=0500h-05FFh \
  -ABANK6=0600h-06FFh -ABANK7=0700h-07FFh -ASFR=0F60h-0FFFh \
  -ABIGSFR=0F60h-0FFFh -ACONFIG=0300000h-030000Dh -AIDLOC=0200000h-0200007h \
  -AEEDATA=0F00000h-0F000FFh -peeprom_data=EEDATA \
  -preset_vec=00h,intcode=08h,intcodelo,powerup,init -pramtop=0800h \
  -psmallconst=SMALLCONST -pmediumconst=MEDIUMCONST -pconst=CONST \
  -AFARRAM=00h-00h \
  -prdata=COMRAM,nvrram=COMRAM,nvbit=COMRAM,rbss=COMRAM,rbit=COMRAM \
  -pfarbss=FARRAM,fardata=FARRAM,nvFARRAM=FARRAM \
  -pintsave_regs=BIGRAM,bigbss=BIGRAM,bigdata=BIGRAM -pbss=RAM \
  -pidata=CODE,irdata=CODE,ibigdata=CODE,ifardata=CODE -prparam=COMRAM \
  C:\Users\felip\AppData\Local\Temp\xcAsi04.o \
  dist/default/production\controlMotores.X.production.o 

Object code version is 3.11

Machine type is 18F4550



                Name                               Link     Load   Length Selector   Space Scale
C:\Users\felip\AppData\Local\Temp\xcAsi04.o
                idloc                            200000   200000        8        0       5
                config                           300000   300000        E        0       4
                init                                  E        E        4        4       0
                reset_vec                             0        0        4        0       0
dist/default/production\controlMotores.X.production.o
                intcode                               8        8        6        4       0
                idloc                            200000   200000        8        0       5
                config                           300000   300000        E        0       4
                temp                                 5A       5A        1        1       1
                smallconst                          800      800        E      400       0
                intcode_body                        80E      80E      518      407       0
                text12                             2960     2960       9C      407       0
                text11                             2ABE     2ABE       16      407       0
                text10                             1DB2     1DB2      39A      407       0
                text9                              285C     285C      104      407       0
                text8                              11E6     11E6      42A      407       0
                text7                               D26      D26      4C0      407       0
                text6                              2A4C     2A4C       46      407       0
                text5                              2756     2756      106      407       0
                text4                              2416     2416      1B4      407       0
                text3                              214C     214C      2CA      407       0
                text2                              1A04     1A04      3AE      407       0
                text1                              1610     1610      3F4      407       0
                text0                              25CA     25CA      18C      407       0
                cstackCOMRAM                          1        1       56        1       1
                cstackBANK0                          DC       DC       17       60       1
                bssBANK1                            100      100       50      100       1
                dataBANK0                            B0       B0       2C       60       1
                bssBANK0                             60       60       50       60       1
                bssCOMRAM                            57       57        3        1       1
                cinit                              29FC     29FC       50      407       0
                nvBANK0                              F3       F3        8       60       1
                idataBANK0                         2A92     2A92       2C      407       0

TOTAL           Name                               Link     Load   Length     Space
        CLASS   CODE           
                intcode                               8        8        6         0
                init                                  E        E        4         0
                reset_vec                             0        0        4         0
                intcode_body                        80E      80E      518         0
                text12                             2960     2960       9C         0
                text11                             2ABE     2ABE       16         0
                text10                             1DB2     1DB2      39A         0
                text9                              285C     285C      104         0
                text8                              11E6     11E6      42A         0
                text7                               D26      D26      4C0         0
                text6                              2A4C     2A4C       46         0
                text5                              2756     2756      106         0
                text4                              2416     2416      1B4         0
                text3                              214C     214C      2CA         0
                text2                              1A04     1A04      3AE         0
                text1                              1610     1610      3F4         0
                text0                              25CA     25CA      18C         0
                cinit                              29FC     29FC       50         0
                idataBANK0                         2A92     2A92       2C         0

        CLASS   CONST          

        CLASS   SMALLCONST     
                smallconst                          800      800        E         0

        CLASS   MEDIUMCONST    

        CLASS   COMRAM         
                temp                                 5A       5A        1         1
                cstackCOMRAM                          1        1       56         1
                bssCOMRAM                            57       57        3         1

        CLASS   ABS1           

        CLASS   BIGRAM         

        CLASS   RAM            

        CLASS   BANK0          
                cstackBANK0                          DC       DC       17         1
                dataBANK0                            B0       B0       2C         1
                bssBANK0                             60       60       50         1
                nvBANK0                              F3       F3        8         1

        CLASS   BANK1          
                bssBANK1                            100      100       50         1

        CLASS   BANK2          

        CLASS   BANK3          

        CLASS   BANK4          

        CLASS   BANK5          

        CLASS   BANK6          

        CLASS   BANK7          

        CLASS   SFR            

        CLASS   BIGSFR         

        CLASS   CONFIG         
                config                           300000   300000        E         4

        CLASS   IDLOC          
                idloc                            200000   200000        8         5

        CLASS   EEDATA         

        CLASS   FARRAM         

        CLASS   HEAP           

        CLASS   STACK          



SEGMENTS        Name                           Load    Length   Top    Selector   Space  Class

                reset_vec                      000000  000004  000004         0       0  CODE    
                cstackCOMRAM                   000001  00005A  00005B         1       1  COMRAM  
                intcode                        000008  00000A  000012         4       0  CODE    
                bssBANK0                       000060  00009B  0000FB        60       1  BANK0   
                bssBANK1                       000100  000050  000150       100       1  BANK1   
                smallconst                     000800  00000E  00080E       400       0  SMALLCON
                intcode_body                   00080E  0022C6  002AD4       407       0  CODE    


UNUSED ADDRESS RANGES

        Name                Unused          Largest block    Delta
        BANK0            0000FB-0000FF                5
        BANK1            000150-0001FF               B0
        BANK2            000200-0002FF              100
        BANK3            000300-0003FF              100
        BANK4            000400-0004FF              100
        BANK5            000500-0005FF              100
        BANK6            000600-0006FF              100
        BANK7            000700-0007FF              100
        BIGRAM           00005B-00005F                5
                         0000FB-0000FF                5
                         000150-0007FF              6B0
        BIGSFR           000F60-000FFF               A0
        CODE             000004-000007                4
                         000012-0007FF              7EE
                         002AD4-007FFF             552C
        COMRAM           00005B-00005F                5
        CONST            000004-000007                4
                         000012-0007FF              7EE
                         002AD4-007FFF             552C
        EEDATA           F00000-F000FF              100
        MEDIUMCONST      002AD4-007FFF             552C
        RAM              0000FB-0000FF                5
                         000150-0007FF              100
        SFR              000F60-000FFF               A0
        SMALLCONST       002AD4-007FFF              100

                                  Symbol Table

?___fladd                cstackCOMRAM 000005
?___fldiv                cstackCOMRAM 00002C
?___flmul                cstackCOMRAM 000013
?___flsub                cstackCOMRAM 000045
?___fltol                cstackCOMRAM 00004D
?___xxtofl               cstackCOMRAM 000005
Transmitir@dato          cstackCOMRAM 000005
_BAUDCON                 (abs)        000FB8
_GIE                     (abs)        007F97
_ISR                     intcode      000008
_LATD                    (abs)        000F8C
_LATD0                   (abs)        007C60
_LATD1                   (abs)        007C61
_LATD2                   (abs)        007C62
_LATD3                   (abs)        007C63
_LATD4                   (abs)        007C64
_LATD5                   (abs)        007C65
_OSCCON                  (abs)        000FD3
_PEIE                    (abs)        007F96
_RB0                     (abs)        007C08
_RB1                     (abs)        007C09
_RB2                     (abs)        007C0A
_RBPU                    (abs)        007F8F
_RCIE                    (abs)        007CED
_RCIF                    (abs)        007CF5
_RCIP                    (abs)        007CFD
_RCREG                   (abs)        000FAE
_RCSTA                   (abs)        000FAB
_SPBRG                   (abs)        000FAF
_T0CON                   (abs)        000FD5
_T1CON                   (abs)        000FCD
_T3CON                   (abs)        000FB1
_TIntx                   bssBANK0     000070
_TInty                   bssBANK0     00006C
_TMR0                    (abs)        000FD6
_TMR0IE                  (abs)        007F95
_TMR0IF                  (abs)        007F92
_TMR0ON                  (abs)        007EAF
_TMR1                    (abs)        000FCE
_TMR1IE                  (abs)        007CE8
_TMR1IF                  (abs)        007CF0
_TMR1ON                  (abs)        007E68
_TMR3                    (abs)        000FB2
_TMR3IE                  (abs)        007D01
_TMR3IF                  (abs)        007D09
_TMR3ON                  (abs)        007D88
_TRISB                   (abs)        000F93
_TRISD                   (abs)        000F95
_TRMT                    (abs)        007D61
_TXREG                   (abs)        000FAD
_TXSTA                   (abs)        000FAC
_Ta                      nvBANK0      0000F7
_Transmitir              text11       002ABE
_TvC                     bssBANK0     000060
__HRAM                   (abs)        000000
__Habs1                  abs1         000000
__Hbank0                 bank0        000000
__Hbank1                 bank1        000000
__Hbank2                 bank2        000000
__Hbank3                 bank3        000000
__Hbank4                 bank4        000000
__Hbank5                 bank5        000000
__Hbank6                 bank6        000000
__Hbank7                 bank7        000000
__Hbigbss                bigbss       000000
__Hbigdata               bigdata      000000
__Hbigram                bigram       000000
__Hbigsfr                bigsfr       000000
__Hbss                   bss          000000
__HbssBANK0              bssBANK0     000000
__HbssBANK1              bssBANK1     000000
__HbssCOMRAM             bssCOMRAM    000000
__Hcinit                 cinit        000000
__Hclrtext               clrtext      000000
__Hcomram                comram       000000
__Hconfig                config       30000E
__Hconst                 const        000000
__HcstackBANK0           cstackBANK0  000000
__HcstackCOMRAM          cstackCOMRAM 000000
__Hdata                  data         000000
__HdataBANK0             dataBANK0    000000
__Heeprom_data           eeprom_data  000000
__Hfarbss                farbss       000000
__Hfardata               fardata      000000
__Hheap                  heap         000000
__Hibigdata              ibigdata     000000
__Hidata                 idata        000000
__HidataBANK0            idataBANK0   000000
__Hidloc                 idloc        200008
__Hifardata              ifardata     000000
__Hinit                  init         000012
__Hintcode               intcode      00000E
__Hintcode_body          intcode_body 000000
__Hintcodelo             intcodelo    00000E
__Hintentry              intentry     000000
__Hintret                intret       000000
__Hintsave_regs          intsave_regs 000000
__Hirdata                irdata       000000
__Hmediumconst           mediumconst  000000
__HnvBANK0               nvBANK0      000000
__HnvFARRAM              nvFARRAM     000000
__Hnvbit                 nvbit        000000
__Hnvrram                nvrram       000000
__Hparam                 rparam       000000
__Hpowerup               powerup      00000E
__Hram                   ram          000000
__Hramtop                ramtop       000800
__Hrbit                  rbit         000000
__Hrbss                  rbss         000000
__Hrdata                 rdata        000000
__Hreset_vec             reset_vec    000004
__Hrparam                rparam       000000
__Hsfr                   sfr          000000
__Hsmallconst            smallconst   00080E
__Hspace_0               (abs)        002AD4
__Hspace_1               (abs)        000150
__Hspace_2               (abs)        000000
__Hspace_4               (abs)        60000E
__Hstack                 stack        000000
__Hstruct                struct       000000
__Htemp                  temp         00005B
__Htext                  text         000000
__Htext0                 text0        000000
__Htext1                 text1        000000
__Htext10                text10       000000
__Htext11                text11       000000
__Htext12                text12       000000
__Htext2                 text2        000000
__Htext3                 text3        000000
__Htext4                 text4        000000
__Htext5                 text5        000000
__Htext6                 text6        000000
__Htext7                 text7        000000
__Htext8                 text8        000000
__Htext9                 text9        000000
__LRAM                   (abs)        000001
__Labs1                  abs1         000000
__Lbank0                 bank0        000000
__Lbank1                 bank1        000000
__Lbank2                 bank2        000000
__Lbank3                 bank3        000000
__Lbank4                 bank4        000000
__Lbank5                 bank5        000000
__Lbank6                 bank6        000000
__Lbank7                 bank7        000000
__Lbigbss                bigbss       000000
__Lbigdata               bigdata      000000
__Lbigram                bigram       000000
__Lbigsfr                bigsfr       000000
__Lbss                   bss          000000
__LbssBANK0              bssBANK0     000000
__LbssBANK1              bssBANK1     000000
__LbssCOMRAM             bssCOMRAM    000000
__Lcinit                 cinit        000000
__Lclrtext               clrtext      000000
__Lcomram                comram       000000
__Lconfig                config       000000
__Lconst                 const        000000
__LcstackBANK0           cstackBANK0  000000
__LcstackCOMRAM          cstackCOMRAM 000000
__Ldata                  data         000000
__LdataBANK0             dataBANK0    000000
__Leeprom_data           eeprom_data  000000
__Lfarbss                farbss       000000
__Lfardata               fardata      000000
__Lheap                  heap         000000
__Libigdata              ibigdata     000000
__Lidata                 idata        000000
__LidataBANK0            idataBANK0   000000
__Lidloc                 idloc        000000
__Lifardata              ifardata     000000
__Linit                  init         00000E
__Lintcode               intcode      000008
__Lintcode_body          intcode_body 000000
__Lintcodelo             intcodelo    00000E
__Lintentry              intentry     000000
__Lintret                intret       000000
__Lintsave_regs          intsave_regs 000000
__Lirdata                irdata       000000
__Lmediumconst           mediumconst  000000
__LnvBANK0               nvBANK0      000000
__LnvFARRAM              nvFARRAM     000000
__Lnvbit                 nvbit        000000
__Lnvrram                nvrram       000000
__Lparam                 rparam       000000
__Lpowerup               powerup      00000E
__Lram                   ram          000000
__Lramtop                ramtop       000800
__Lrbit                  rbit         000000
__Lrbss                  rbss         000000
__Lrdata                 rdata        000000
__Lreset_vec             reset_vec    000000
__Lrparam                rparam       000000
__Lsfr                   sfr          000000
__Lsmallconst            smallconst   000800
__Lspace_0               (abs)        000000
__Lspace_1               (abs)        000000
__Lspace_2               (abs)        000000
__Lspace_4               (abs)        000000
__Lstack                 stack        000000
__Lstruct                struct       000000
__Ltemp                  temp         00005A
__Ltext                  text         000000
__Ltext0                 text0        000000
__Ltext1                 text1        000000
__Ltext10                text10       000000
__Ltext11                text11       000000
__Ltext12                text12       000000
__Ltext2                 text2        000000
__Ltext3                 text3        000000
__Ltext4                 text4        000000
__Ltext5                 text5        000000
__Ltext6                 text6        000000
__Ltext7                 text7        000000
__Ltext8                 text8        000000
__Ltext9                 text9        000000
__S0                     (abs)        002AD4
__S1                     (abs)        000150
__S4                     (abs)        000000
__S5                     (abs)        000000
___fladd                 text7        000D26
___fladd@a               cstackCOMRAM 000009
___fladd@aexp            cstackCOMRAM 000012
___fladd@b               cstackCOMRAM 000005
___fladd@bexp            cstackCOMRAM 000013
___fladd@grs             cstackCOMRAM 000014
___fladd@signs           cstackCOMRAM 000011
___fldiv                 text10       001DB2
___fldiv@a               cstackCOMRAM 000030
___fldiv@aexp            cstackCOMRAM 000044
___fldiv@b               cstackCOMRAM 00002C
___fldiv@bexp            cstackCOMRAM 000043
___fldiv@grs             cstackCOMRAM 00003F
___fldiv@new_exp         cstackCOMRAM 00003D
___fldiv@rem             cstackCOMRAM 000038
___fldiv@sign            cstackCOMRAM 00003C
___flge                  text9        00285C
___flge@ff1              cstackCOMRAM 000005
___flge@ff2              cstackCOMRAM 000009
___flmul                 text8        0011E6
___flmul@a               cstackCOMRAM 000017
___flmul@aexp            cstackCOMRAM 000020
___flmul@b               cstackCOMRAM 000013
___flmul@bexp            cstackCOMRAM 000025
___flmul@grs             cstackCOMRAM 000021
___flmul@prod            cstackCOMRAM 000026
___flmul@sign            cstackCOMRAM 00001F
___flmul@temp            cstackCOMRAM 00002A
___flsub                 text6        002A4C
___flsub@a               cstackCOMRAM 000049
___flsub@b               cstackCOMRAM 000045
___fltol                 text5        002756
___fltol@exp1            cstackCOMRAM 000056
___fltol@f1              cstackCOMRAM 00004D
___fltol@sign1           cstackCOMRAM 000055
___heap_hi               (abs)        000000
___heap_lo               (abs)        000000
___inthi_sp              stack        000000
___intlo_sp              stack        000000
___param_bank            (abs)        000000
___rparam_used           (abs)        000001
___sp                    stack        000000
___xxtofl                text4        002416
___xxtofl@arg            cstackCOMRAM 00000F
___xxtofl@exp            cstackCOMRAM 00000E
___xxtofl@sign           cstackCOMRAM 00000D
___xxtofl@val            cstackCOMRAM 000005
__accesstop              (abs)        000060
__activetblptr           (abs)        000001
__end_of_ISR             intcode_body 000D26
__end_of_Transmitir      text11       002AD4
__end_of___fladd         text7        0011E6
__end_of___fldiv         text10       00214C
__end_of___flge          text9        002960
__end_of___flmul         text8        001610
__end_of___flsub         text6        002A92
__end_of___fltol         text5        00285C
__end_of___xxtofl        text4        0025CA
__end_of__initialization cinit        002A3A
__end_of_goHome          text12       0029FC
__end_of_guardarV        text1        001A04
__end_of_main            text0        002756
__end_of_mover           text2        001DB2
__end_of_precargas       text3        002416
__end_of_tDelay          smallconst   000803
__initialization         cinit        0029FC
__mediumconst            mediumconst  000000
__pbssBANK0              bssBANK0     000060
__pbssBANK1              bssBANK1     000100
__pbssCOMRAM             bssCOMRAM    000057
__pcinit                 cinit        0029FC
__pcstackBANK0           cstackBANK0  0000DC
__pcstackCOMRAM          cstackCOMRAM 000001
__pdataBANK0             dataBANK0    0000B0
__pidataBANK0            idataBANK0   002A92
__pintcode               intcode      000008
__pintcode_body          intcode_body 00080E
__pnvBANK0               nvBANK0      0000F3
__psmallconst            smallconst   000800
__ptext0                 text0        0025CA
__ptext1                 text1        001610
__ptext10                text10       001DB2
__ptext11                text11       002ABE
__ptext12                text12       002960
__ptext2                 text2        001A04
__ptext3                 text3        00214C
__ptext4                 text4        002416
__ptext5                 text5        002756
__ptext6                 text6        002A4C
__ptext7                 text7        000D26
__ptext8                 text8        0011E6
__ptext9                 text9        00285C
__ramtop                 ramtop       000800
__smallconst             smallconst   000800
_ac                      bssBANK0     00008E
_arrayX                  bssBANK1     000128
_arrayY                  bssBANK1     000100
_carro                   bssBANK0     000078
_counter                 bssBANK0     000082
_counterVC               bssBANK0     000080
_cru                     bssBANK0     00008C
_deltaT                  nvBANK0      0000F3
_des                     bssBANK0     00008A
_estado                  bssBANK0     00009F
_finX                    bssBANK0     000088
_finY                    bssBANK0     000086
_finZ                    bssBANK0     000084
_goHome                  text12       002960
_guardarV                text1        001610
_main                    text0        0025CA
_mover                   text2        001A04
_ope                     bssBANK0     00009E
_orden                   bssCOMRAM    000059
_pasosX                  bssBANK0     00009C
_pasosXDados             bssBANK0     000096
_pasosY                  bssBANK0     00009A
_pasosYDados             bssBANK0     000094
_pasosZ                  bssBANK0     000098
_pasosZDados             bssBANK0     000092
_posX                    bssBANK0     00007E
_posY                    bssBANK0     00007C
_posZ                    bssBANK0     00007A
_posiciones              dataBANK0    0000B0
_precargaX               bssCOMRAM    000057
_precargaY               bssBANK0     000090
_precargas               text3        00214C
_v5x                     bssBANK0     000068
_v5y                     bssBANK0     000064
_vCx                     bssBANK0     0000AC
_vCy                     bssBANK0     0000A8
_vInsx                   bssBANK0     0000A4
_vInsy                   bssBANK0     0000A0
_vactual                 bssBANK0     000076
_vs                      bssBANK0     000074
btemp                    temp         00005A
end_of_initialization    cinit        002A3A
int$flags                temp         00005A
int_func                 intcode_body 00080E
intlevel0                text         000000
intlevel1                text         000000
intlevel2                text         000000
intlevel3                text         000000
isa$std                  (abs)        000001
isa$xinst                (abs)        000000
mover@absoluto           cstackBANK0  0000EA
mover@x                  cstackBANK0  0000DE
mover@y                  cstackBANK0  0000E2
mover@z                  cstackBANK0  0000E6
precargas@i              cstackBANK0  0000DC
stackhi                  (abs)        000000
stacklo                  (abs)        000000
start                    init         00000E
start_initialization     cinit        0029FC
ttemp5                   temp         00005B
ttemp6                   temp         00005E
ttemp7                   temp         000062
wtemp8                   temp         00005B


MODULE INFORMATION

Module		Function		Class		Link	Load	Size
C:\Program Files\Microchip\xc8\v2.40\pic\sources\c99\common\sprcmul.c
		___flmul       		CODE           	11E6	0000	1066

C:\Program Files\Microchip\xc8\v2.40\pic\sources\c99\common\sprcmul.c estimated size: 1066

C:\Program Files\Microchip\xc8\v2.40\pic\sources\c99\common\sprcdiv.c
		___fldiv       		CODE           	1DB2	0000	922

C:\Program Files\Microchip\xc8\v2.40\pic\sources\c99\common\sprcdiv.c estimated size: 922

C:\Program Files\Microchip\xc8\v2.40\pic\sources\c99\common\fltol.c
		___fltol       		CODE           	2756	0000	262

C:\Program Files\Microchip\xc8\v2.40\pic\sources\c99\common\fltol.c estimated size: 262

C:\Program Files\Microchip\xc8\v2.40\pic\sources\c99\common\sprcadd.c
		___flsub       		CODE           	2A4C	0000	70
		___fladd       		CODE           	0D26	0000	1216

C:\Program Files\Microchip\xc8\v2.40\pic\sources\c99\common\sprcadd.c estimated size: 1286

C:\Program Files\Microchip\xc8\v2.40\pic\sources\c99\common\xxtofl.c
		___xxtofl      		CODE           	2416	0000	436

C:\Program Files\Microchip\xc8\v2.40\pic\sources\c99\common\xxtofl.c estimated size: 436

shared
		__initialization		CODE           	29FC	0000	62
		_tDelay        		SMALLCONST     	0000	0000	0

shared estimated size: 62

C:\Program Files\Microchip\xc8\v2.40\pic\sources\c99\common\flge.c
		___flge        		CODE           	285C	0000	260

C:\Program Files\Microchip\xc8\v2.40\pic\sources\c99\common\flge.c estimated size: 260

controlMotores.c
		_ISR           		CODE           	0008	0000	1310
		_main          		CODE           	25CA	0000	396
		_precargas     		CODE           	214C	0000	714
		_Transmitir    		CODE           	2ABE	0000	22
		_guardarV      		CODE           	1610	0000	1012
		_goHome        		CODE           	2960	0000	156
		_mover         		CODE           	1A04	0000	942

controlMotores.c estimated size: 4552

